// Jest Snapshot v1, https://goo.gl/fbAQLP

exports[`SearchInput SHOULD match snapshot 1`] = `
<div>
  <div
    class="SearchInput-root-1 MuiBox-root css-0"
  >
    <div
      class="MuiInputBase-root MuiInput-root SearchInput-inputWrapperRoot-3 MuiInputBase-colorPrimary MuiInputBase-fullWidth MuiInputBase-adornedStart css-1s97tdc-MuiInputBase-root-MuiInput-root"
    >
      <svg
        aria-hidden="true"
        class="MuiSvgIcon-root MuiSvgIcon-fontSizeSmall SearchInput-searchIconRoot-2 css-ptiqhd-MuiSvgIcon-root"
        data-testid="SearchIcon"
        focusable="false"
        viewBox="0 0 24 24"
      >
        <path
          d="M15.5 14h-.79l-.28-.27C15.41 12.59 16 11.11 16 9.5 16 5.91 13.09 3 9.5 3S3 5.91 3 9.5 5.91 16 9.5 16c1.61 0 3.09-.59 4.23-1.57l.27.28v.79l5 4.99L20.49 19l-4.99-5zm-6 0C7.01 14 5 11.99 5 9.5S7.01 5 9.5 5 14 7.01 14 9.5 11.99 14 9.5 14z"
        />
      </svg>
      <input
        class="MuiInputBase-input MuiInput-input MuiInputBase-inputTypeSearch MuiInputBase-inputAdornedStart css-c63i49-MuiInputBase-input-MuiInput-input"
        placeholder="Type a search query to filter"
        type="search"
        value=""
      />
    </div>
  </div>
</div>
`;
